\BOOKMARK [1][-]{section.1}{\376\377\116\073\230\230\143\317\217\360}{}% 1
\BOOKMARK [1][-]{section.2}{\376\377\213\276\213\241\166\356\166\204}{}% 2
\BOOKMARK [1][-]{section.3}{\376\377\122\237\200\375}{}% 3
\BOOKMARK [1][-]{section.4}{\376\377\145\271\154\325\000/\150\106\147\266\151\202\211\201}{}% 4
\BOOKMARK [1][-]{section.5}{\376\377\162\171\202\162}{}% 5
\BOOKMARK [1][-]{section.6}{\376\377\137\025\212\000}{}% 6
\BOOKMARK [1][-]{section.7}{\376\377\166\370\121\163\135\345\117\134}{}% 7
\BOOKMARK [2][-]{subsection.7.1}{\376\377\145\207\147\054\000-\211\306\230\221\150\300\175\042}{section.7}% 8
\BOOKMARK [2][-]{subsection.7.2}{\376\377\146\377\143\142\000C\000L\000I\000P\145\207\147\054\177\026\170\001\126\150}{section.7}% 9
\BOOKMARK [2][-]{subsection.7.3}{\376\377\123\302\145\160\232\330\145\110\215\350\152\041\140\001\220\002\221\115}{section.7}% 10
\BOOKMARK [2][-]{subsection.7.4}{\376\377\127\372\116\216\226\037\122\027\166\204\133\371\153\324\133\146\116\140}{section.7}% 11
\BOOKMARK [1][-]{section.8}{\376\377\145\271\154\325}{}% 12
\BOOKMARK [2][-]{subsection.8.1}{\376\377\116\044\226\066\153\265\213\255\176\303\155\101\172\013}{section.8}% 13
\BOOKMARK [2][-]{subsection.8.2}{\376\377\152\041\127\213\147\266\147\204}{section.8}% 14
\BOOKMARK [2][-]{subsection.8.3}{\376\377\143\137\131\061\121\375\145\160\213\276\213\241}{section.8}% 15
\BOOKMARK [2][-]{subsection.8.4}{\376\377\136\046\145\207\147\054\217\307\145\366\220\156\205\075\166\204\226\037\122\027\213\276\213\241}{section.8}% 16
\BOOKMARK [2][-]{subsection.8.5}{\376\377\213\255\176\303\176\306\202\202}{section.8}% 17
\BOOKMARK [1][-]{section.9}{\376\377\133\236\232\214}{}% 18
\BOOKMARK [2][-]{subsection.9.1}{\376\377\213\304\117\060\213\276\177\156}{section.9}% 19
\BOOKMARK [2][-]{subsection.9.2}{\376\377\116\073\211\201\176\323\147\234}{section.9}% 20
\BOOKMARK [2][-]{subsection.9.3}{\376\377\155\210\207\215\133\236\232\214\377\032\227\136\133\371\171\360\143\137\131\061\124\214\226\037\122\027\213\276\213\241\166\204\137\161\124\315}{section.9}% 21
\BOOKMARK [2][-]{subsection.9.4}{\376\377\123\302\145\160\155\210\207\215\377\032\123\302\145\160\122\006\136\003\377\010\000L\000o\000R\000A\133\371\153\324\000M\000L\000P\142\225\137\161\377\011}{section.9}% 22
\BOOKMARK [1][-]{section.10}{\376\377\213\250\213\272}{}% 23
\BOOKMARK [2][-]{subsection.10.1}{\376\377\226\037\122\027\227\136\133\371\171\360\140\047\116\073\133\374\150\300\175\042\117\030\123\026}{section.10}% 24
\BOOKMARK [2][-]{subsection.10.2}{\376\377\116\072\116\300\116\110\143\137\131\061\221\315\122\240\147\103\116\015\131\202\230\204\147\037\221\315\211\201\377\037}{section.10}% 25
\BOOKMARK [2][-]{subsection.10.3}{\376\377\215\104\156\220\176\246\147\137\201\352\161\066\133\374\201\364\227\136\133\371\171\360\213\276\213\241}{section.10}% 26
\BOOKMARK [2][-]{subsection.10.4}{\376\377\000S\000t\000a\000c\000k\000\040\000L\000o\000R\000A\133\236\163\260\232\330\145\110\230\206\127\337\217\301\171\373}{section.10}% 27
\BOOKMARK [2][-]{subsection.10.5}{\376\377\142\151\134\125\122\060\131\032\213\355\212\000\150\300\175\042}{section.10}% 28
\BOOKMARK [2][-]{subsection.10.6}{\376\377\136\047\221\307\150\067\173\126\165\145\166\204\137\161\124\315\377\032\121\163\225\056\136\047\150\300\155\113\116\016\127\107\123\000\221\307\150\067\133\371\153\324}{section.10}% 29
\BOOKMARK [1][-]{section.11}{\376\377\134\100\226\120\140\047}{}% 30
\BOOKMARK [1][-]{section.12}{\376\377\147\052\147\145\135\345\117\134}{}% 31
\BOOKMARK [1][-]{section.13}{\376\377\176\323\213\272}{}% 32
\BOOKMARK [1][-]{section.14}{\376\377\116\373\122\241\122\006\135\345}{}% 33
\BOOKMARK [1][-]{section.15}{\376\377\215\205\123\302\145\160\220\011\142\351}{}% 34
