\BOOKMARK [1][-]{section.1}{\376\377\137\025\212\000}{}% 1
\BOOKMARK [1][-]{section.2}{\376\377\166\370\121\163\135\345\117\134}{}% 2
\BOOKMARK [2][-]{subsection.2.1}{\376\377\145\207\147\054\000-\211\306\230\221\150\300\175\042}{section.2}% 3
\BOOKMARK [2][-]{subsection.2.2}{\376\377\146\377\143\142\000C\000L\000I\000P\145\207\147\054\177\026\170\001\126\150}{section.2}% 4
\BOOKMARK [2][-]{subsection.2.3}{\376\377\123\302\145\160\232\330\145\110\215\350\152\041\140\001\220\002\221\115}{section.2}% 5
\BOOKMARK [2][-]{subsection.2.4}{\376\377\127\372\116\216\226\037\122\027\166\204\133\371\153\324\133\146\116\140}{section.2}% 6
\BOOKMARK [1][-]{section.3}{\376\377\145\271\154\325}{}% 7
\BOOKMARK [2][-]{subsection.3.1}{\376\377\116\044\226\066\153\265\213\255\176\303\155\101\172\013}{section.3}% 8
\BOOKMARK [2][-]{subsection.3.2}{\376\377\152\041\127\213\147\266\147\204}{section.3}% 9
\BOOKMARK [2][-]{subsection.3.3}{\376\377\143\137\131\061\121\375\145\160\213\276\213\241}{section.3}% 10
\BOOKMARK [2][-]{subsection.3.4}{\376\377\136\046\145\207\147\054\217\307\145\366\220\156\205\075\166\204\226\037\122\027\213\276\213\241}{section.3}% 11
\BOOKMARK [2][-]{subsection.3.5}{\376\377\213\255\176\303\176\306\202\202}{section.3}% 12
\BOOKMARK [1][-]{section.4}{\376\377\133\236\232\214}{}% 13
\BOOKMARK [2][-]{subsection.4.1}{\376\377\213\304\117\060\213\276\177\156}{section.4}% 14
\BOOKMARK [2][-]{subsection.4.2}{\376\377\116\073\211\201\176\323\147\234}{section.4}% 15
\BOOKMARK [2][-]{subsection.4.3}{\376\377\122\006\147\220\377\032\227\136\133\371\171\360\143\137\131\061\124\214\226\037\122\027\213\276\213\241\166\204\137\161\124\315}{section.4}% 16
\BOOKMARK [2][-]{subsection.4.4}{\376\377\155\210\207\215\377\032\123\302\145\160\122\006\136\003\377\010\000L\000o\000R\000A\133\371\153\324\000M\000L\000P\142\225\137\161\377\011}{section.4}% 17
\BOOKMARK [1][-]{section.5}{\376\377\213\250\213\272}{}% 18
\BOOKMARK [2][-]{subsection.5.1}{\376\377\226\037\122\027\227\136\133\371\171\360\140\047\116\073\133\374\150\300\175\042\117\030\123\026}{section.5}% 19
\BOOKMARK [2][-]{subsection.5.2}{\376\377\116\072\116\300\116\110\143\137\131\061\221\315\122\240\147\103\116\015\131\202\230\204\147\037\221\315\211\201\377\037}{section.5}% 20
\BOOKMARK [2][-]{subsection.5.3}{\376\377\215\104\156\220\176\246\147\137\201\352\161\066\133\374\201\364\227\136\133\371\171\360\213\276\213\241}{section.5}% 21
\BOOKMARK [2][-]{subsection.5.4}{\376\377\000S\000t\000a\000c\000k\000\040\000L\000o\000R\000A\133\236\163\260\232\330\145\110\230\206\127\337\217\301\171\373}{section.5}% 22
\BOOKMARK [2][-]{subsection.5.5}{\376\377\142\151\134\125\122\060\131\032\213\355\212\000\150\300\175\042}{section.5}% 23
\BOOKMARK [1][-]{section.6}{\376\377\134\100\226\120\140\047}{}% 24
\BOOKMARK [1][-]{section.7}{\376\377\147\052\147\145\135\345\117\134}{}% 25
\BOOKMARK [1][-]{section.8}{\376\377\176\323\213\272}{}% 26
\BOOKMARK [1][-]{section.9}{\376\377\215\205\123\302\145\160\220\011\142\351}{}% 27
